{
  "version": "1.4.0",
  "plugins_used": [
    {
      "name": "AbsolutePathDetectorExperimental"
    },
    {
      "name": "ArtifactoryDetector"
    },
    {
      "name": "AWSKeyDetector"
    },
    {
      "name": "AWSSensitiveInfoDetectorExperimental"
    },
    {
      "name": "AzureStorageKeyDetector"
    },
    {
      "name": "Base64HighEntropyString",
      "limit": 4.5
    },
    {
      "name": "BasicAuthDetector"
    },
    {
      "name": "CloudantDetector"
    },
    {
      "name": "DiscordBotTokenDetector"
    },
    {
      "name": "EmailAddressDetector"
    },
    {
      "name": "GitHubTokenDetector"
    },
    {
      "name": "HexHighEntropyString",
      "limit": 3.0
    },
    {
      "name": "IbmCloudIamDetector"
    },
    {
      "name": "IbmCosHmacDetector"
    },
    {
      "name": "IPPublicDetector"
    },
    {
      "name": "JwtTokenDetector"
    },
    {
      "name": "KeywordDetector",
      "keyword_exclude": ""
    },
    {
      "name": "MailchimpDetector"
    },
    {
      "name": "NpmDetector"
    },
    {
      "name": "PrivateKeyDetector"
    },
    {
      "name": "SendGridDetector"
    },
    {
      "name": "SlackDetector"
    },
    {
      "name": "SoftlayerDetector"
    },
    {
      "name": "SquareOAuthDetector"
    },
    {
      "name": "StripeDetector"
    },
    {
      "name": "TwilioKeyDetector"
    }
  ],
  "filters_used": [
    {
      "path": "detect_secrets.filters.allowlist.is_line_allowlisted"
    },
    {
      "path": "detect_secrets.filters.common.is_baseline_file",
      "filename": ".secrets.baseline"
    },
    {
      "path": "detect_secrets.filters.common.is_ignored_due_to_verification_policies",
      "min_level": 2
    },
    {
      "path": "detect_secrets.filters.heuristic.is_indirect_reference"
    },
    {
      "path": "detect_secrets.filters.heuristic.is_likely_id_string"
    },
    {
      "path": "detect_secrets.filters.heuristic.is_lock_file"
    },
    {
      "path": "detect_secrets.filters.heuristic.is_not_alphanumeric_string"
    },
    {
      "path": "detect_secrets.filters.heuristic.is_potential_uuid"
    },
    {
      "path": "detect_secrets.filters.heuristic.is_prefixed_with_dollar_sign"
    },
    {
      "path": "detect_secrets.filters.heuristic.is_sequential_string"
    },
    {
      "path": "detect_secrets.filters.heuristic.is_swagger_file"
    },
    {
      "path": "detect_secrets.filters.heuristic.is_templated_secret"
    },
    {
      "path": "detect_secrets.filters.regex.should_exclude_file",
      "pattern": [
        "\\.secrets..*",
        "\\.git.*",
        "\\.pre-commit-config\\.yaml",
        "\\.mypy_cache",
        "\\.pytest_cache",
        "\\.tox",
        "\\.venv",
        "venv",
        "dist",
        "build",
        ".*\\.egg-info",
        ".*\\.tfstate",
        ".*\\.tfstate.*",
        ".*\\.tfvars",
        ".*\\.terraform",
        ".*\\.terraformrc",
        ".*\\terraform.rc"
      ]
    }
  ],
  "results": {
    "creating-pds-issues/scripts/detect-repo.mjs": [
      {
        "type": "Email Address",
        "filename": "creating-pds-issues/scripts/detect-repo.mjs",
        "hashed_secret": "fac2dea9e49a83a2d6ee38c580d1e5358b45efa5",
        "is_verified": false,
        "line_number": 49,
        "is_secret": false
      }
    ],
    "sonarcloud-security-audit/sonarcloud-security-triage.csv": [
      {
        "type": "Email Address",
        "filename": "sonarcloud-security-audit/sonarcloud-security-triage.csv",
        "hashed_secret": "187c3d164496d1b05c067a8c82e5a664687c1687",
        "is_verified": false,
        "line_number": 9,
        "is_secret": false
      }
    ],
    "sonarcloud-security-triage/SKILL.md": [
      {
        "type": "Email Address",
        "filename": "sonarcloud-security-triage/SKILL.md",
        "hashed_secret": "1bef758280526f9fc39751ecd45c5203437af1f2",
        "is_verified": false,
        "line_number": 40,
        "is_secret": false
      },
      {
        "type": "Email Address",
        "filename": "sonarcloud-security-triage/SKILL.md",
        "hashed_secret": "2c82f086b99c6090102b6e1f366fd96ac90e4d8a",
        "is_verified": false,
        "line_number": 41,
        "is_secret": false
      }
    ]
  },
  "generated_at": "2026-01-05T18:56:50Z"
}
