{
  "version": "1.4.0",
  "plugins_used": [
    {
      "name": "AbsolutePathDetectorExperimental"
    },
    {
      "name": "ArtifactoryDetector"
    },
    {
      "name": "AWSKeyDetector"
    },
    {
      "name": "AWSSensitiveInfoDetectorExperimental"
    },
    {
      "name": "AzureStorageKeyDetector"
    },
    {
      "name": "Base64HighEntropyString",
      "limit": 4.5
    },
    {
      "name": "BasicAuthDetector"
    },
    {
      "name": "CloudantDetector"
    },
    {
      "name": "DiscordBotTokenDetector"
    },
    {
      "name": "EmailAddressDetector"
    },
    {
      "name": "GitHubTokenDetector"
    },
    {
      "name": "HexHighEntropyString",
      "limit": 3.0
    },
    {
      "name": "IbmCloudIamDetector"
    },
    {
      "name": "IbmCosHmacDetector"
    },
    {
      "name": "IPPublicDetector"
    },
    {
      "name": "JwtTokenDetector"
    },
    {
      "name": "KeywordDetector",
      "keyword_exclude": ""
    },
    {
      "name": "MailchimpDetector"
    },
    {
      "name": "NpmDetector"
    },
    {
      "name": "PrivateKeyDetector"
    },
    {
      "name": "SendGridDetector"
    },
    {
      "name": "SlackDetector"
    },
    {
      "name": "SoftlayerDetector"
    },
    {
      "name": "SquareOAuthDetector"
    },
    {
      "name": "StripeDetector"
    },
    {
      "name": "TwilioKeyDetector"
    }
  ],
  "filters_used": [
    {
      "path": "detect_secrets.filters.allowlist.is_line_allowlisted"
    },
    {
      "path": "detect_secrets.filters.common.is_baseline_file",
      "filename": ".secrets.baseline"
    },
    {
      "path": "detect_secrets.filters.common.is_ignored_due_to_verification_policies",
      "min_level": 2
    },
    {
      "path": "detect_secrets.filters.heuristic.is_indirect_reference"
    },
    {
      "path": "detect_secrets.filters.heuristic.is_likely_id_string"
    },
    {
      "path": "detect_secrets.filters.heuristic.is_lock_file"
    },
    {
      "path": "detect_secrets.filters.heuristic.is_not_alphanumeric_string"
    },
    {
      "path": "detect_secrets.filters.heuristic.is_potential_uuid"
    },
    {
      "path": "detect_secrets.filters.heuristic.is_prefixed_with_dollar_sign"
    },
    {
      "path": "detect_secrets.filters.heuristic.is_sequential_string"
    },
    {
      "path": "detect_secrets.filters.heuristic.is_swagger_file"
    },
    {
      "path": "detect_secrets.filters.heuristic.is_templated_secret"
    },
    {
      "path": "detect_secrets.filters.regex.should_exclude_file",
      "pattern": [
        "\\.secrets..*",
        "\\.git.*",
        "\\.pre-commit-config\\.yaml",
        "node_modules"
      ]
    }
  ],
  "results": {
    ".claude-plugin/marketplace.json": [
      {
        "type": "Email Address",
        "filename": ".claude-plugin/marketplace.json",
        "hashed_secret": "4fb813c304003b3813b35a85f05b7cb0c3994cc1",
        "is_verified": false,
        "line_number": 5,
        "is_secret": false
      }
    ],
    "README.md": [
      {
        "type": "Email Address",
        "filename": "README.md",
        "hashed_secret": "fac2dea9e49a83a2d6ee38c580d1e5358b45efa5",
        "is_verified": false,
        "line_number": 168,
        "is_secret": false
      }
    ],
    "docs/PLUGIN_MARKETPLACE_GUIDE.md": [
      {
        "type": "Email Address",
        "filename": "docs/PLUGIN_MARKETPLACE_GUIDE.md",
        "hashed_secret": "fac2dea9e49a83a2d6ee38c580d1e5358b45efa5",
        "is_verified": false,
        "line_number": 138,
        "is_secret": false
      },
      {
        "type": "Email Address",
        "filename": "docs/PLUGIN_MARKETPLACE_GUIDE.md",
        "hashed_secret": "318fc31093d4428d6f514ed6d2090d8242119f89",
        "is_verified": false,
        "line_number": 177,
        "is_secret": false
      }
    ],
    "static/marketplace/skills/creating-pds-issues/scripts/detect-repo.mjs": [
      {
        "type": "Email Address",
        "filename": "static/marketplace/skills/creating-pds-issues/scripts/detect-repo.mjs",
        "hashed_secret": "fac2dea9e49a83a2d6ee38c580d1e5358b45efa5",
        "is_verified": false,
        "line_number": 49,
        "is_secret": false
      }
    ],
    "static/marketplace/skills/sonarcloud-security-triage/SKILL.md": [
      {
        "type": "Email Address",
        "filename": "static/marketplace/skills/sonarcloud-security-triage/SKILL.md",
        "hashed_secret": "1bef758280526f9fc39751ecd45c5203437af1f2",
        "is_verified": false,
        "line_number": 40,
        "is_secret": false
      },
      {
        "type": "Email Address",
        "filename": "static/marketplace/skills/sonarcloud-security-triage/SKILL.md",
        "hashed_secret": "2c82f086b99c6090102b6e1f366fd96ac90e4d8a",
        "is_verified": false,
        "line_number": 41
      }
    ]
  },
  "generated_at": "2026-03-17T20:34:58Z"
}
